// Jest Snapshot v1, https://goo.gl/fbAQLP

exports[`App renders the App component and matches snapshot 1`] = `
<div
  className="DCMN-logo"
>
  <img
    alt="DCMN logo"
    src="https://dcmn.com/assets/dcmn-logo-redesign-black.svg"
  />
</div>
`;
